eeschema (2013-may-18)-stable  >> Creation date: Út 5. listopad 2013, 21:33:32 CET
#Cmp ( order = Reference )
| C1         100nF       ; c_0603      ;             ;             ;             ;             ;             ;             ;             ;             
| C2         4.7uF       ; c_0805      ;             ;             ;             ;             ;             ;             ;             ;             
| C3         100nF       ; c_0603      ;             ;             ;             ;             ;             ;             ;             ;             
| C4         4.7uF       ; c_0805      ;             ;             ;             ;             ;             ;             ;             ;             
| C5         100nF       ; c_0603      ;             ;             ;             ;             ;             ;             ;             ;             
| C6         10uF        ; c_0805      ;             ;             ;             ;             ;             ;             ;             ;             
| C7         100nF       ; c_0603      ;             ;             ;             ;             ;             ;             ;             ;             
| C8         100nF       ; c_0603      ;             ;             ;             ;             ;             ;             ;             ;             
| C9         1uF         ; c_0805      ;             ;             ;             ;             ;             ;             ;             ;             
| C10        100nF       ; c_0603      ;             ;             ;             ;             ;             ;             ;             ;             
| C11        10nF        ; c_0603      ;             ;             ;             ;             ;             ;             ;             ;             
| C12        100nF       ; c_0603      ;             ;             ;             ;             ;             ;             ;             ;             
| C13        10uF        ; c_0805      ;             ;             ;             ;             ;             ;             ;             ;             
| C14        100nF       ; c_0603      ;             ;             ;             ;             ;             ;             ;             ;             
| C15        100nF       ; c_0603      ;             ;             ;             ;             ;             ;             ;             ;             
| C16        22uF        ; c_0805      ;             ;             ;             ;             ;             ;             ;             ;             
| C17        100nF       ; c_0603      ;             ;             ;             ;             ;             ;             ;             ;             
| C18        56nF        ; c_0603      ;             ;             ;             ;             ;             ;             ;             ;             
| C19        100nF       ; c_0603      ;             ;             ;             ;             ;             ;             ;             ;             
| C20        2.2uF       ; c_0805      ;             ;             ;             ;             ;             ;             ;             ;             
| C21        100nF       ; c_0603      ;             ;             ;             ;             ;             ;             ;             ;             
| C22        2.2uF       ; c_0805      ;             ;             ;             ;             ;             ;             ;             ;             
| C23        100nF       ; c_0603      ;             ;             ;             ;             ;             ;             ;             ;             
| C24        100nF       ; c_0603      ;             ;             ;             ;             ;             ;             ;             ;             
| C25        18pF        ; c_0603      ;             ;             ;             ;             ;             ;             ;             ;             
| C26        18pF        ; c_0603      ;             ;             ;             ;             ;             ;             ;             ;             
| C27        10uF        ; c_0805      ;             ;             ;             ;             ;             ;             ;             ;             
| C28        100nF       ; c_0603      ;             ;             ;             ;             ;             ;             ;             ;             
| C29        100nF       ; c_0603      ;             ;             ;             ;             ;             ;             ;             ;             
| C30        100nF       ; c_0603      ;             ;             ;             ;             ;             ;             ;             ;             
| C31        1uF         ; c_0603      ;             ;             ;             ;             ;             ;             ;             ;             
| C32        4.7uF       ; c_0805      ;             ;             ;             ;             ;             ;             ;             ;             
| C33        100nF       ; c_0603      ;             ;             ;             ;             ;             ;             ;             ;             
| C34        100nF       ; c_0603      ;             ;             ;             ;             ;             ;             ;             ;             
| C35        100nF       ; c_0603      ;             ;             ;             ;             ;             ;             ;             ;             
| C36        100nF       ; c_0603      ;             ;             ;             ;             ;             ;             ;             ;             
| C37        4.7uF       ; c_0603      ;             ;             ;             ;             ;             ;             ;             ;             
| C38        18pF        ; c_0603      ;             ;             ;             ;             ;             ;             ;             ;             
| C39        18pF        ; c_0603      ;             ;             ;             ;             ;             ;             ;             ;             
| C40        100nF       ; c_0603      ;             ;             ;             ;             ;             ;             ;             ;             
| C41        4.7uF       ; c_0805      ;             ;             ;             ;             ;             ;             ;             ;             
| C42        100nF       ; c_0603      ;             ;             ;             ;             ;             ;             ;             ;             
| C43        100nF       ; c_0603      ;             ;             ;             ;             ;             ;             ;             ;             
| C44        2.2nF/50V   ; c_0603      ;             ;             ;             ;             ;             ;             ;             ;             
| C45        220nF       ; c_0603      ;             ;             ;             ;             ;             ;             ;             ;             
| C46        100nF       ; c_0603      ;             ;             ;             ;             ;             ;             ;             ;             
| D2         LED_RED     ; led_2.1x0.6 ;             ;             ;             ;             ;             ;             ;             ;             
| D3         LED_ORANGE  ; led_2.1x0.6 ;             ;             ;             ;             ;             ;             ;             ;             
| D4         LED_BLUE    ; led_2.1x0.6 ;             ;             ;             ;             ;             ;             ;             ;             
| D5         LED_GREEN   ; led_2.1x0.6 ;             ;             ;             ;             ;             ;             ;             ;             
| D6         LED_BLUE_F4 ; Led_0603    ;             ;             ;             ;             ;             ;             ;             ;             
| D7         LED_RED_F4  ; Led_0603    ;             ;             ;             ;             ;             ;             ;             ;             
| D8         CD0603-S01575; r_0603      ;             ;             ;             ;             ;             ;             ;             ;             
| L1         10uH        ; r_0805      ;             ;             ;             ;             ;             ;             ;             ;             
| P1         CONN_13X3   ; pin_strip_13x3-90;             ;             ;             ;             ;             ;             ;             ;             
| P2         CONN_4      ; picoblade_4-90;             ;             ;             ;             ;             ;             ;             ;             
| P3         CONN_4      ; picoblade_4-90;             ;             ;             ;             ;             ;             ;             ;             
| P4         MICROUSB    ; conn_usb_B_micro_smd-FCI;             ;             ;             ;             ;             ;             ;             ;             
| P5         CONN_4      ; picoblade_4-90;             ;             ;             ;             ;             ;             ;             ;             
| P6         CONN_6      ; picoblade_6-90;             ;             ;             ;             ;             ;             ;             ;             
| P7         CONN_4      ; picoblade_4-90;             ;             ;             ;             ;             ;             ;             ;             
| P8         CONN_4      ; picoblade_4-90;             ;             ;             ;             ;             ;             ;             ;             
| P9         CONN_4      ; picoblade_4-90;             ;             ;             ;             ;             ;             ;             ;             
| P10        MICROSD     ; MICRO-SD-SOCKET-PP;             ;             ;             ;             ;             ;             ;             ;             
| P11        CONN_9      ; picoblade_9-90;             ;             ;             ;             ;             ;             ;             ;             
| P12        CONN_2      ; picoblade_2-90;             ;             ;             ;             ;             ;             ;             ;             
| P13        CONN_6      ; picoblade_6-90;             ;             ;             ;             ;             ;             ;             ;             
| P15        CONN_1      ; testpoint_pad;             ;             ;             ;             ;             ;             ;             ;             
| P16        CONN_1      ; testpoint_pad;             ;             ;             ;             ;             ;             ;             ;             
| P18        CONN_1      ; testpoint_pad;             ;             ;             ;             ;             ;             ;             ;             
| P19        CONN_1      ; 1pin        ;             ;             ;             ;             ;             ;             ;             ;             
| P20        CONN_1      ; 1pin        ;             ;             ;             ;             ;             ;             ;             ;             
| P21        CONN_1      ; 1pin        ;             ;             ;             ;             ;             ;             ;             ;             
| P22        CONN_1      ; 1pin        ;             ;             ;             ;             ;             ;             ;             ;             
| Q1         PDTC114EE   ; sc75        ;             ;             ;             ;             ;             ;             ;             ;             
| Q2         PDTC114EE   ; sc75        ;             ;             ;             ;             ;             ;             ;             ;             
| Q3         PDTA114YE   ; sc75        ;             ;             ;             ;             ;             ;             ;             ;             
| R1         470R        ; r_0603      ;             ;             ;             ;             ;             ;             ;             ;             
| R2         470R        ; r_0603      ;             ;             ;             ;             ;             ;             ;             ;             
| R3         470R        ; r_0603      ;             ;             ;             ;             ;             ;             ;             ;             
| R4         470R        ; r_0603      ;             ;             ;             ;             ;             ;             ;             ;             
| R5         470R        ; r_0603      ;             ;             ;             ;             ;             ;             ;             ;             
| R6         470R        ; r_0603      ;             ;             ;             ;             ;             ;             ;             ;             
| R7         470R        ; r_0603      ;             ;             ;             ;             ;             ;             ;             ;             
| R8         470R        ; r_0603      ;             ;             ;             ;             ;             ;             ;             ;             
| R9         470R        ; r_0603      ;             ;             ;             ;             ;             ;             ;             ;             
| R10        470R        ; r_0603      ;             ;             ;             ;             ;             ;             ;             ;             
| R11        470R        ; r_0603      ;             ;             ;             ;             ;             ;             ;             ;             
| R12        470R        ; r_0603      ;             ;             ;             ;             ;             ;             ;             ;             
| R13        470R        ; r_0603      ;             ;             ;             ;             ;             ;             ;             ;             
| R14        470R        ; r_0603      ;             ;             ;             ;             ;             ;             ;             ;             
| R15        22R         ; r_0603      ;             ;             ;             ;             ;             ;             ;             ;             
| R16        22R         ; r_0603      ;             ;             ;             ;             ;             ;             ;             ;             
| R17        120R        ; r_0805      ;             ;             ;             ;             ;             ;             ;             ;             
| R18        4k7         ; r_0603      ;             ;             ;             ;             ;             ;             ;             ;             
| R19        39k         ; r_0603      ;             ;             ;             ;             ;             ;             ;             ;             
| R20        39k         ; r_0603      ;             ;             ;             ;             ;             ;             ;             ;             
| R21        39k         ; r_0603      ;             ;             ;             ;             ;             ;             ;             ;             
| R22        82k         ; r_0603      ;             ;             ;             ;             ;             ;             ;             ;             
| R23        12k         ; r_0603      ;             ;             ;             ;             ;             ;             ;             ;             
| R24        39k         ; r_0603      ;             ;             ;             ;             ;             ;             ;             ;             
| R25        470R        ; r_0603      ;             ;             ;             ;             ;             ;             ;             ;             
| R26        470R        ; r_0603      ;             ;             ;             ;             ;             ;             ;             ;             
| R27        220R        ; r_0603      ;             ;             ;             ;             ;             ;             ;             ;             
| R28        220R        ; r_0603      ;             ;             ;             ;             ;             ;             ;             ;             
| R29        39k         ; r_0603      ;             ;             ;             ;             ;             ;             ;             ;             
| R30        39k         ; r_0603      ;             ;             ;             ;             ;             ;             ;             ;             
| R31        220R        ; r_0603      ;             ;             ;             ;             ;             ;             ;             ;             
| R32        220R        ; r_0603      ;             ;             ;             ;             ;             ;             ;             ;             
| R33        470R        ; r_0603      ;             ;             ;             ;             ;             ;             ;             ;             
| R34        39k         ; r_0402      ;             ;             ;             ;             ;             ;             ;             ;             
| R35        1M          ; r_0402      ;             ;             ;             ;             ;             ;             ;             ;             
| R36        39k         ; r_0402      ;             ;             ;             ;             ;             ;             ;             ;             
| R37        39k         ; r_0402      ;             ;             ;             ;             ;             ;             ;             ;             
| R38        39k         ; r_0402      ;             ;             ;             ;             ;             ;             ;             ;             
| R39        681k        ; r_0603      ;             ;             ;             ;             ;             ;             ;             ;             
| R40        4.7k        ; r_0603      ;             ;             ;             ;             ;             ;             ;             ;             
| R41        4.7k        ; r_0603      ;             ;             ;             ;             ;             ;             ;             ;             
| R42        470R        ; r_0603      ;             ;             ;             ;             ;             ;             ;             ;             
| R43        470R        ; r_0603      ;             ;             ;             ;             ;             ;             ;             ;             
| R44        4k7         ; r_0603      ;             ;             ;             ;             ;             ;             ;             ;             
| R45        330R        ; r_0603      ;             ;             ;             ;             ;             ;             ;             ;             
| R46        470R        ; r_0603      ;             ;             ;             ;             ;             ;             ;             ;             
| R47        330R        ; r_0603      ;             ;             ;             ;             ;             ;             ;             ;             
| R48        470R        ; r_0603      ;             ;             ;             ;             ;             ;             ;             ;             
| R49        470R        ; r_0603      ;             ;             ;             ;             ;             ;             ;             ;             
| R50        470R        ; r_0603      ;             ;             ;             ;             ;             ;             ;             ;             
| R51        470R        ; r_0603      ;             ;             ;             ;             ;             ;             ;             ;             
| R52        180R        ; r_0603      ;             ;             ;             ;             ;             ;             ;             ;             
| R53        220R        ; r_0603      ;             ;             ;             ;             ;             ;             ;             ;             
| R54        100R        ; r_0603      ;             ;             ;             ;             ;             ;             ;             ;             
| R55        330R        ; r_0603      ;             ;             ;             ;             ;             ;             ;             ;             
| R56        39k         ; r_0603      ;             ;             ;             ;             ;             ;             ;             ;             
| R57        39k         ; r_0603      ;             ;             ;             ;             ;             ;             ;             ;             
| R58        4k7         ; r_0603      ;             ;             ;             ;             ;             ;             ;             ;             
| R59        4k7         ; r_0603      ;             ;             ;             ;             ;             ;             ;             ;             
| R60        220R        ; r_0603      ;             ;             ;             ;             ;             ;             ;             ;             
| R61        39k         ; r_0603      ;             ;             ;             ;             ;             ;             ;             ;             
| R62        39k         ; r_0603      ;             ;             ;             ;             ;             ;             ;             ;             
| R63        470R        ; r_0603      ;             ;             ;             ;             ;             ;             ;             ;             
| R64        470R        ; r_0603      ;             ;             ;             ;             ;             ;             ;             ;             
| R65        470R        ; r_0603      ;             ;             ;             ;             ;             ;             ;             ;             
| SW1        STG719      ; sot23-6     ;             ;             ;             ;             ;             ;             ;             ;             
| U1         XBEE        ; xbee-smt    ;             ;             ;             ;             ;             ;             ;             ;             
| U2         LTC4411     ; sot23-5     ;             ;             ;             ;             ;             ;             ;             ;             
| U3         SN65HVD233  ; so-8        ;             ;             ;             ;             ;             ;             ;             ;             
| U4         ADP3338AKCZ-3.3; stabil_sot223_1;             ;             ;             ;             ;             ;             ;             ;             
| U5         LT1761-3.3  ; tsot-5      ;             ;             ;             ;             ;             ;             ;             ;             
| U6         EL1883      ; so-8        ;             ;             ;             ;             ;             ;             ;             ;             
| U7         STM32F405VG ; TQFP-100    ;             ;             ;             ;             ;             ;             ;             ;             
| U8         STM32F303CC ; lqfp48      ;             ;             ;             ;             ;             ;             ;             ;             
| U9         MS5611      ; MS5611      ;             ;             ;             ;             ;             ;             ;             ;             
| U10        MPU-6000    ; dandys_qfn24;             ;             ;             ;             ;             ;             ;             ;             
| U11        HMC5983     ; lpcc-16     ;             ;             ;             ;             ;             ;             ;             ;             
| X1         8MHz        ; crystal_smd_5x3.2mm;             ;             ;             ;             ;             ;             ;             ;             
| X2         8MHz        ; crystal_smd_5x3.2mm;             ;             ;             ;             ;             ;             ;             ;             
#End Cmp

#Cmp (dle hodnoty)
| 18pF         C25       ; c_0603      ;             ;             ;             ;             ;             ;             ;             ;             
| 18pF         C26       ; c_0603      ;             ;             ;             ;             ;             ;             ;             ;             
| 18pF         C38       ; c_0603      ;             ;             ;             ;             ;             ;             ;             ;             
| 18pF         C39       ; c_0603      ;             ;             ;             ;             ;             ;             ;             ;             
| 2.2nF/50V    C44       ; c_0603      ;             ;             ;             ;             ;             ;             ;             ;             
| 10nF         C11       ; c_0603      ;             ;             ;             ;             ;             ;             ;             ;             
| 56nF         C18       ; c_0603      ;             ;             ;             ;             ;             ;             ;             ;             
| 100nF        C1        ; c_0603      ;             ;             ;             ;             ;             ;             ;             ;             
| 100nF        C3        ; c_0603      ;             ;             ;             ;             ;             ;             ;             ;             
| 100nF        C5        ; c_0603      ;             ;             ;             ;             ;             ;             ;             ;             
| 100nF        C7        ; c_0603      ;             ;             ;             ;             ;             ;             ;             ;             
| 100nF        C8        ; c_0603      ;             ;             ;             ;             ;             ;             ;             ;             
| 100nF        C10       ; c_0603      ;             ;             ;             ;             ;             ;             ;             ;             
| 100nF        C12       ; c_0603      ;             ;             ;             ;             ;             ;             ;             ;             
| 100nF        C14       ; c_0603      ;             ;             ;             ;             ;             ;             ;             ;             
| 100nF        C15       ; c_0603      ;             ;             ;             ;             ;             ;             ;             ;             
| 100nF        C17       ; c_0603      ;             ;             ;             ;             ;             ;             ;             ;             
| 100nF        C19       ; c_0603      ;             ;             ;             ;             ;             ;             ;             ;             
| 100nF        C21       ; c_0603      ;             ;             ;             ;             ;             ;             ;             ;             
| 100nF        C23       ; c_0603      ;             ;             ;             ;             ;             ;             ;             ;             
| 100nF        C24       ; c_0603      ;             ;             ;             ;             ;             ;             ;             ;             
| 100nF        C28       ; c_0603      ;             ;             ;             ;             ;             ;             ;             ;             
| 100nF        C29       ; c_0603      ;             ;             ;             ;             ;             ;             ;             ;             
| 100nF        C30       ; c_0603      ;             ;             ;             ;             ;             ;             ;             ;             
| 100nF        C33       ; c_0603      ;             ;             ;             ;             ;             ;             ;             ;             
| 100nF        C34       ; c_0603      ;             ;             ;             ;             ;             ;             ;             ;             
| 100nF        C35       ; c_0603      ;             ;             ;             ;             ;             ;             ;             ;             
| 100nF        C36       ; c_0603      ;             ;             ;             ;             ;             ;             ;             ;             
| 100nF        C40       ; c_0603      ;             ;             ;             ;             ;             ;             ;             ;             
| 100nF        C42       ; c_0603      ;             ;             ;             ;             ;             ;             ;             ;             
| 100nF        C43       ; c_0603      ;             ;             ;             ;             ;             ;             ;             ;             
| 100nF        C46       ; c_0603      ;             ;             ;             ;             ;             ;             ;             ;             
| 220nF        C45       ; c_0603      ;             ;             ;             ;             ;             ;             ;             ;             
| 1uF          C31       ; c_0603      ;             ;             ;             ;             ;             ;             ;             ;             
| 1uF          C9        ; c_0805      ;             ;             ;             ;             ;             ;             ;             ;             
| 2.2uF        C20       ; c_0805      ;             ;             ;             ;             ;             ;             ;             ;             
| 2.2uF        C22       ; c_0805      ;             ;             ;             ;             ;             ;             ;             ;             
| 4.7uF        C37       ; c_0603      ;             ;             ;             ;             ;             ;             ;             ;             
| 4.7uF        C2        ; c_0805      ;             ;             ;             ;             ;             ;             ;             ;             
| 4.7uF        C4        ; c_0805      ;             ;             ;             ;             ;             ;             ;             ;             
| 4.7uF        C32       ; c_0805      ;             ;             ;             ;             ;             ;             ;             ;             
| 4.7uF        C41       ; c_0805      ;             ;             ;             ;             ;             ;             ;             ;             
| 10uF         C6        ; c_0805      ;             ;             ;             ;             ;             ;             ;             ;             
| 10uF         C13       ; c_0805      ;             ;             ;             ;             ;             ;             ;             ;             
| 10uF         C27       ; c_0805      ;             ;             ;             ;             ;             ;             ;             ;             
| 22uF         C16       ; c_0805      ;             ;             ;             ;             ;             ;             ;             ;             
| LED_BLUE_F4  D6        ; Led_0603    ;             ;             ;             ;             ;             ;             ;             ;             
| LED_RED_F4   D7        ; Led_0603    ;             ;             ;             ;             ;             ;             ;             ;             
| LED_RED      D2        ; led_2.1x0.6 ;             ;             ;             ;             ;             ;             ;             ;             
| LED_ORANGE   D3        ; led_2.1x0.6 ;             ;             ;             ;             ;             ;             ;             ;             
| LED_BLUE     D4        ; led_2.1x0.6 ;             ;             ;             ;             ;             ;             ;             ;             
| LED_GREEN    D5        ; led_2.1x0.6 ;             ;             ;             ;             ;             ;             ;             ;             
| CD0603-S01575 D8        ; r_0603      ;             ;             ;             ;             ;             ;             ;             ;             
| 10uH         L1        ; r_0805      ;             ;             ;             ;             ;             ;             ;             ;             
| CONN_1       P19       ; 1pin        ;             ;             ;             ;             ;             ;             ;             ;             
| CONN_1       P20       ; 1pin        ;             ;             ;             ;             ;             ;             ;             ;             
| CONN_1       P21       ; 1pin        ;             ;             ;             ;             ;             ;             ;             ;             
| CONN_1       P22       ; 1pin        ;             ;             ;             ;             ;             ;             ;             ;             
| MICROUSB     P4        ; conn_usb_B_micro_smd-FCI;             ;             ;             ;             ;             ;             ;             ;             
| MICROSD      P10       ; MICRO-SD-SOCKET-PP;             ;             ;             ;             ;             ;             ;             ;             
| CONN_2       P12       ; picoblade_2-90;             ;             ;             ;             ;             ;             ;             ;             
| CONN_4       P2        ; picoblade_4-90;             ;             ;             ;             ;             ;             ;             ;             
| CONN_4       P3        ; picoblade_4-90;             ;             ;             ;             ;             ;             ;             ;             
| CONN_4       P5        ; picoblade_4-90;             ;             ;             ;             ;             ;             ;             ;             
| CONN_4       P7        ; picoblade_4-90;             ;             ;             ;             ;             ;             ;             ;             
| CONN_4       P8        ; picoblade_4-90;             ;             ;             ;             ;             ;             ;             ;             
| CONN_4       P9        ; picoblade_4-90;             ;             ;             ;             ;             ;             ;             ;             
| CONN_6       P6        ; picoblade_6-90;             ;             ;             ;             ;             ;             ;             ;             
| CONN_6       P13       ; picoblade_6-90;             ;             ;             ;             ;             ;             ;             ;             
| CONN_9       P11       ; picoblade_9-90;             ;             ;             ;             ;             ;             ;             ;             
| CONN_13X3    P1        ; pin_strip_13x3-90;             ;             ;             ;             ;             ;             ;             ;             
| CONN_1       P15       ; testpoint_pad;             ;             ;             ;             ;             ;             ;             ;             
| CONN_1       P16       ; testpoint_pad;             ;             ;             ;             ;             ;             ;             ;             
| CONN_1       P18       ; testpoint_pad;             ;             ;             ;             ;             ;             ;             ;             
| PDTC114EE    Q1        ; sc75        ;             ;             ;             ;             ;             ;             ;             ;             
| PDTC114EE    Q2        ; sc75        ;             ;             ;             ;             ;             ;             ;             ;             
| PDTA114YE    Q3        ; sc75        ;             ;             ;             ;             ;             ;             ;             ;             
| 22R          R15       ; r_0603      ;             ;             ;             ;             ;             ;             ;             ;             
| 22R          R16       ; r_0603      ;             ;             ;             ;             ;             ;             ;             ;             
| 100R         R54       ; r_0603      ;             ;             ;             ;             ;             ;             ;             ;             
| 120R         R17       ; r_0805      ;             ;             ;             ;             ;             ;             ;             ;             
| 180R         R52       ; r_0603      ;             ;             ;             ;             ;             ;             ;             ;             
| 220R         R27       ; r_0603      ;             ;             ;             ;             ;             ;             ;             ;             
| 220R         R28       ; r_0603      ;             ;             ;             ;             ;             ;             ;             ;             
| 220R         R31       ; r_0603      ;             ;             ;             ;             ;             ;             ;             ;             
| 220R         R32       ; r_0603      ;             ;             ;             ;             ;             ;             ;             ;             
| 220R         R53       ; r_0603      ;             ;             ;             ;             ;             ;             ;             ;             
| 220R         R60       ; r_0603      ;             ;             ;             ;             ;             ;             ;             ;             
| 330R         R45       ; r_0603      ;             ;             ;             ;             ;             ;             ;             ;             
| 330R         R47       ; r_0603      ;             ;             ;             ;             ;             ;             ;             ;             
| 330R         R55       ; r_0603      ;             ;             ;             ;             ;             ;             ;             ;             
| 470R         R1        ; r_0603      ;             ;             ;             ;             ;             ;             ;             ;             
| 470R         R2        ; r_0603      ;             ;             ;             ;             ;             ;             ;             ;             
| 470R         R3        ; r_0603      ;             ;             ;             ;             ;             ;             ;             ;             
| 470R         R4        ; r_0603      ;             ;             ;             ;             ;             ;             ;             ;             
| 470R         R5        ; r_0603      ;             ;             ;             ;             ;             ;             ;             ;             
| 470R         R6        ; r_0603      ;             ;             ;             ;             ;             ;             ;             ;             
| 470R         R7        ; r_0603      ;             ;             ;             ;             ;             ;             ;             ;             
| 470R         R8        ; r_0603      ;             ;             ;             ;             ;             ;             ;             ;             
| 470R         R9        ; r_0603      ;             ;             ;             ;             ;             ;             ;             ;             
| 470R         R10       ; r_0603      ;             ;             ;             ;             ;             ;             ;             ;             
| 470R         R11       ; r_0603      ;             ;             ;             ;             ;             ;             ;             ;             
| 470R         R12       ; r_0603      ;             ;             ;             ;             ;             ;             ;             ;             
| 470R         R13       ; r_0603      ;             ;             ;             ;             ;             ;             ;             ;             
| 470R         R14       ; r_0603      ;             ;             ;             ;             ;             ;             ;             ;             
| 470R         R25       ; r_0603      ;             ;             ;             ;             ;             ;             ;             ;             
| 470R         R26       ; r_0603      ;             ;             ;             ;             ;             ;             ;             ;             
| 470R         R33       ; r_0603      ;             ;             ;             ;             ;             ;             ;             ;             
| 470R         R42       ; r_0603      ;             ;             ;             ;             ;             ;             ;             ;             
| 470R         R43       ; r_0603      ;             ;             ;             ;             ;             ;             ;             ;             
| 470R         R46       ; r_0603      ;             ;             ;             ;             ;             ;             ;             ;             
| 470R         R48       ; r_0603      ;             ;             ;             ;             ;             ;             ;             ;             
| 470R         R49       ; r_0603      ;             ;             ;             ;             ;             ;             ;             ;             
| 470R         R50       ; r_0603      ;             ;             ;             ;             ;             ;             ;             ;             
| 470R         R51       ; r_0603      ;             ;             ;             ;             ;             ;             ;             ;             
| 470R         R63       ; r_0603      ;             ;             ;             ;             ;             ;             ;             ;             
| 470R         R64       ; r_0603      ;             ;             ;             ;             ;             ;             ;             ;             
| 470R         R65       ; r_0603      ;             ;             ;             ;             ;             ;             ;             ;             
| 4k7          R18       ; r_0603      ;             ;             ;             ;             ;             ;             ;             ;             
| 4.7k         R40       ; r_0603      ;             ;             ;             ;             ;             ;             ;             ;             
| 4.7k         R41       ; r_0603      ;             ;             ;             ;             ;             ;             ;             ;             
| 4k7          R44       ; r_0603      ;             ;             ;             ;             ;             ;             ;             ;             
| 4k7          R58       ; r_0603      ;             ;             ;             ;             ;             ;             ;             ;             
| 4k7          R59       ; r_0603      ;             ;             ;             ;             ;             ;             ;             ;             
| 12k          R23       ; r_0603      ;             ;             ;             ;             ;             ;             ;             ;             
| 39k          R34       ; r_0402      ;             ;             ;             ;             ;             ;             ;             ;             
| 39k          R36       ; r_0402      ;             ;             ;             ;             ;             ;             ;             ;             
| 39k          R37       ; r_0402      ;             ;             ;             ;             ;             ;             ;             ;             
| 39k          R38       ; r_0402      ;             ;             ;             ;             ;             ;             ;             ;             
| 39k          R19       ; r_0603      ;             ;             ;             ;             ;             ;             ;             ;             
| 39k          R20       ; r_0603      ;             ;             ;             ;             ;             ;             ;             ;             
| 39k          R21       ; r_0603      ;             ;             ;             ;             ;             ;             ;             ;             
| 39k          R24       ; r_0603      ;             ;             ;             ;             ;             ;             ;             ;             
| 39k          R29       ; r_0603      ;             ;             ;             ;             ;             ;             ;             ;             
| 39k          R30       ; r_0603      ;             ;             ;             ;             ;             ;             ;             ;             
| 39k          R56       ; r_0603      ;             ;             ;             ;             ;             ;             ;             ;             
| 39k          R57       ; r_0603      ;             ;             ;             ;             ;             ;             ;             ;             
| 39k          R61       ; r_0603      ;             ;             ;             ;             ;             ;             ;             ;             
| 39k          R62       ; r_0603      ;             ;             ;             ;             ;             ;             ;             ;             
| 82k          R22       ; r_0603      ;             ;             ;             ;             ;             ;             ;             ;             
| 681k         R39       ; r_0603      ;             ;             ;             ;             ;             ;             ;             ;             
| 1M           R35       ; r_0402      ;             ;             ;             ;             ;             ;             ;             ;             
| STG719       SW1       ; sot23-6     ;             ;             ;             ;             ;             ;             ;             ;             
| MPU-6000     U10       ; dandys_qfn24;             ;             ;             ;             ;             ;             ;             ;             
| HMC5983      U11       ; lpcc-16     ;             ;             ;             ;             ;             ;             ;             ;             
| STM32F303CC  U8        ; lqfp48      ;             ;             ;             ;             ;             ;             ;             ;             
| MS5611       U9        ; MS5611      ;             ;             ;             ;             ;             ;             ;             ;             
| SN65HVD233   U3        ; so-8        ;             ;             ;             ;             ;             ;             ;             ;             
| EL1883       U6        ; so-8        ;             ;             ;             ;             ;             ;             ;             ;             
| LTC4411      U2        ; sot23-5     ;             ;             ;             ;             ;             ;             ;             ;             
| ADP3338AKCZ-3.3 U4        ; stabil_sot223_1;             ;             ;             ;             ;             ;             ;             ;             
| STM32F405VG  U7        ; TQFP-100    ;             ;             ;             ;             ;             ;             ;             ;             
| LT1761-3.3   U5        ; tsot-5      ;             ;             ;             ;             ;             ;             ;             ;             
| XBEE         U1        ; xbee-smt    ;             ;             ;             ;             ;             ;             ;             ;             
| 8MHz         X1        ; crystal_smd_5x3.2mm;             ;             ;             ;             ;             ;             ;             ;             
| 8MHz         X2        ; crystal_smd_5x3.2mm;             ;             ;             ;             ;             ;             ;             ;             
#Konec Cmp

#Konec seznamu
